2026-10-06 16:45:53,694 - config_manager - INFO - Config file config.json not found. Creating with defaults.
2026-10-06 16:45:53,697 - config_manager - INFO - Configuration saved to config.json
2026-10-06 16:45:53,698 - password_history - INFO - Loaded 0 history entries from password_history.json
2026-10-06 16:45:53,698 - password_generator - INFO - PasswordGenerator initialized with history=enabled
2026-10-06 16:45:53,698 - password_generator - INFO - Generating password with config defaults: length=12
2026-10-06 16:45:53,699 - password_generator - INFO - Generated password: length=12, strength_check_pending=True
2026-10-06 16:45:53,701 - password_history - INFO - Password added to history: length=12, strength=Strong
2026-10-06 16:45:53,702 - password_generator - INFO - Generating password with config defaults: length=12
2026-10-06 16:45:53,702 - password_generator - INFO - Generated password: length=12, strength_check_pending=True
2026-10-06 16:45:53,703 - password_history - INFO - Password added to history: length=12, strength=Strong
2026-10-06 16:45:53,704 - password_generator - INFO - Generating password with config defaults: length=12
2026-10-06 16:45:53,704 - password_generator - INFO - Generated password: length=12, strength_check_pending=True
2026-10-06 16:45:53,705 - password_history - INFO - Password added to history: length=12, strength=Strong
2026-10-06 16:45:53,715 - config_manager - INFO - Configuration loaded from config.json
2026-10-06 16:45:53,717 - config_manager - INFO - Configuration saved to config.json
2026-10-06 16:45:53,717 - config_manager - INFO - Configuration updated: default_length = 16
2026-10-06 16:45:53,717 - config_manager - INFO - Configuration validation passed
2026-10-06 16:45:53,718 - config_manager - INFO - Configuration exported to demo_config.json
2026-10-06 16:45:53,720 - config_manager - INFO - Configuration saved to config.json
2026-10-06 16:45:53,720 - config_manager - INFO - Configuration reset to defaults
2026-10-06 16:45:53,722 - config_manager - INFO - Configuration loaded from config.json
2026-10-06 16:45:53,724 - config_manager - INFO - Configuration saved to config.json
2026-10-06 16:45:53,724 - config_manager - INFO - Configuration updated: default_length = 16
2026-10-06 16:45:53,725 - config_manager - INFO - Configuration saved to config.json
2026-10-06 16:45:53,725 - config_manager - INFO - Configuration updated: use_symbols = False
2026-10-06 16:45:53,735 - config_manager - INFO - Configuration loaded from config.json
2026-10-06 16:45:53,746 - password_history - INFO - Loaded 3 history entries from password_history.json
2026-10-06 16:45:53,746 - password_generator - INFO - PasswordGenerator initialized with history=enabled
2026-10-06 16:45:53,746 - password_generator - INFO - Generating password with config defaults: length=16
2026-10-06 16:45:53,746 - password_generator - INFO - Generated password: length=16, strength_check_pending=True
2026-10-06 16:45:53,747 - password_history - INFO - Password added to history: length=16, strength=Strong
2026-10-06 16:45:53,749 - config_manager - INFO - Configuration saved to config.json
2026-10-06 16:45:53,749 - config_manager - INFO - Configuration reset to defaults
2026-10-06 16:46:03,420 - config_manager - INFO - Configuration loaded from config.json
2026-10-06 16:46:03,420 - password_history - INFO - Loaded 4 history entries from password_history.json
2026-10-06 16:46:03,421 - password_generator - INFO - PasswordGenerator initialized with history=enabled
2026-10-06 16:46:03,421 - __main__ - INFO - CLI started with history=enabled
2026-10-06 16:46:03,421 - __main__ - INFO - Generating 1 password(s) with length=12
2026-10-06 16:46:03,421 - password_generator - INFO - Generating password with config defaults: length=12
2026-10-06 16:46:03,421 - password_generator - INFO - Generated password: length=12, strength_check_pending=True
2026-10-06 16:46:03,422 - password_history - INFO - Password added to history: length=12, strength=Strong
2026-10-06 16:46:03,422 - __main__ - INFO - Successfully generated 1 password(s)
2026-10-06 16:46:12,542 - config_manager - INFO - Configuration loaded from config.json
2026-10-06 16:46:12,543 - password_history - INFO - Loaded 5 history entries from password_history.json
2026-10-06 16:46:12,543 - password_generator - INFO - PasswordGenerator initialized with history=enabled
2026-10-06 16:46:12,578 - __main__ - INFO - History refreshed in GUI
2026-10-06 16:46:12,578 - __main__ - INFO - GUI Application started
2026-10-06 16:46:54,558 - config_manager - INFO - Configuration loaded from config.json
2026-10-06 16:46:54,558 - password_history - INFO - Loaded 5 history entries from password_history.json
2026-10-06 16:46:54,559 - password_generator - INFO - PasswordGenerator initialized with history=enabled
2026-10-06 16:46:54,559 - __main__ - INFO - CLI started with history=enabled
2026-10-06 16:54:03,559 - config_manager - INFO - Configuration loaded from config.json
2026-10-06 16:54:03,561 - password_history - INFO - Loaded 5 history entries from password_history.json
2026-10-06 16:54:03,562 - password_generator - INFO - PasswordGenerator initialized with history=enabled
2026-10-06 16:54:03,562 - password_generator - INFO - Generating password with config defaults: length=12
2026-10-06 16:54:03,563 - password_generator - INFO - Generated password: length=12, strength_check_pending=True
2026-10-06 16:54:03,566 - password_history - INFO - Password added to history: length=12, strength=Strong
2026-10-06 16:54:03,567 - password_generator - INFO - Generating password with config defaults: length=12
2026-10-06 16:54:03,568 - password_generator - INFO - Generated password: length=12, strength_check_pending=True
2026-10-06 16:54:03,573 - password_history - INFO - Password added to history: length=12, strength=Strong
2026-10-06 16:54:03,574 - password_generator - INFO - Generating password with config defaults: length=12
2026-10-06 16:54:03,575 - password_generator - INFO - Generated password: length=12, strength_check_pending=True
2026-10-06 16:54:03,578 - password_history - INFO - Password added to history: length=12, strength=Strong
2026-10-06 16:54:03,581 - config_manager - INFO - Configuration loaded from config.json
2026-10-06 16:54:03,584 - config_manager - INFO - Configuration saved to config.json
2026-10-06 16:54:03,585 - config_manager - INFO - Configuration updated: default_length = 16
2026-10-06 16:54:03,585 - config_manager - INFO - Configuration validation passed
2026-10-06 16:54:03,588 - config_manager - INFO - Configuration exported to demo_config.json
2026-10-06 16:54:03,590 - config_manager - INFO - Configuration saved to config.json
2026-10-06 16:54:03,591 - config_manager - INFO - Configuration reset to defaults
2026-10-06 16:54:03,597 - config_manager - INFO - Configuration loaded from config.json
2026-10-06 16:54:03,599 - config_manager - INFO - Configuration saved to config.json
2026-10-06 16:54:03,599 - config_manager - INFO - Configuration updated: default_length = 16
2026-10-06 16:54:03,601 - config_manager - INFO - Configuration saved to config.json
2026-10-06 16:54:03,602 - config_manager - INFO - Configuration updated: use_symbols = False
2026-10-06 16:54:03,605 - config_manager - INFO - Configuration loaded from config.json
2026-10-06 16:54:03,618 - password_history - INFO - Loaded 8 history entries from password_history.json
2026-10-06 16:54:03,619 - password_generator - INFO - PasswordGenerator initialized with history=enabled
2026-10-06 16:54:03,619 - password_generator - INFO - Generating password with config defaults: length=16
2026-10-06 16:54:03,619 - password_generator - INFO - Generated password: length=16, strength_check_pending=True
2026-10-06 16:54:03,622 - password_history - INFO - Password added to history: length=16, strength=Strong
2026-10-06 16:54:03,624 - config_manager - INFO - Configuration saved to config.json
2026-10-06 16:54:03,624 - config_manager - INFO - Configuration reset to defaults
2026-10-06 16:54:30,656 - config_manager - INFO - Configuration loaded from config.json
2026-10-06 16:54:30,657 - password_history - INFO - Loaded 9 history entries from password_history.json
2026-10-06 16:54:30,657 - password_generator - INFO - PasswordGenerator initialized with history=enabled
2026-10-06 16:54:30,658 - password_generator - INFO - Generating password with config defaults: length=12
2026-10-06 16:54:30,658 - password_generator - INFO - Generated password: length=12, strength_check_pending=True
2026-10-06 16:54:30,662 - password_history - INFO - Password added to history: length=12, strength=Strong
2026-10-06 16:54:30,664 - password_generator - INFO - Generating password with config defaults: length=12
2026-10-06 16:54:30,665 - password_generator - INFO - Generated password: length=12, strength_check_pending=True
2026-10-06 16:54:30,670 - password_history - INFO - Password added to history: length=12, strength=Strong
2026-10-06 16:54:30,671 - password_generator - INFO - Generating password with config defaults: length=12
2026-10-06 16:54:30,672 - password_generator - INFO - Generated password: length=12, strength_check_pending=True
2026-10-06 16:54:30,676 - password_history - INFO - Password added to history: length=12, strength=Strong
2026-10-06 16:54:30,679 - config_manager - INFO - Configuration loaded from config.json
2026-10-06 16:54:30,682 - config_manager - INFO - Configuration saved to config.json
2026-10-06 16:54:30,684 - config_manager - INFO - Configuration updated: default_length = 16
2026-10-06 16:54:30,685 - config_manager - INFO - Configuration validation passed
2026-10-06 16:54:30,686 - config_manager - INFO - Configuration exported to demo_config.json
2026-10-06 16:54:30,688 - config_manager - INFO - Configuration saved to config.json
2026-10-06 16:54:30,688 - config_manager - INFO - Configuration reset to defaults
2026-10-06 16:54:30,691 - config_manager - INFO - Configuration loaded from config.json
2026-10-06 16:54:30,692 - config_manager - INFO - Configuration saved to config.json
2026-10-06 16:54:30,693 - config_manager - INFO - Configuration updated: default_length = 16
2026-10-06 16:54:30,694 - config_manager - INFO - Configuration saved to config.json
2026-10-06 16:54:30,694 - config_manager - INFO - Configuration updated: use_symbols = False
2026-10-06 16:54:30,697 - config_manager - INFO - Configuration loaded from config.json
2026-10-06 16:54:30,712 - password_history - INFO - Loaded 12 history entries from password_history.json
2026-10-06 16:54:30,713 - password_generator - INFO - PasswordGenerator initialized with history=enabled
2026-10-06 16:54:30,713 - password_generator - INFO - Generating password with config defaults: length=16
2026-10-06 16:54:30,713 - password_generator - INFO - Generated password: length=16, strength_check_pending=True
2026-10-06 16:54:30,715 - password_history - INFO - Password added to history: length=16, strength=Strong
2026-10-06 16:54:30,717 - config_manager - INFO - Configuration saved to config.json
2026-10-06 16:54:30,718 - config_manager - INFO - Configuration reset to defaults
2026-10-06 16:54:31,166 - config_manager - INFO - Configuration loaded from config.json
2026-10-06 16:54:31,167 - password_history - INFO - Loaded 13 history entries from password_history.json
2026-10-06 16:54:31,167 - password_generator - INFO - PasswordGenerator initialized with history=enabled
2026-10-06 16:54:31,184 - __main__ - INFO - History refreshed in GUI
2026-10-06 16:54:31,184 - __main__ - INFO - GUI Application started
2026-10-06 16:55:29,080 - __main__ - INFO - Password copied to clipboard via GUI
2026-10-06 16:55:39,938 - password_generator - INFO - Generating password with config defaults: length=12
2026-10-06 16:55:39,943 - password_generator - INFO - Generated password: length=12, strength_check_pending=True
2026-10-06 16:55:39,946 - password_history - INFO - Password added to history: length=12, strength=Strong
2026-10-06 16:55:39,948 - __main__ - INFO - History refreshed in GUI
2026-10-06 16:55:39,949 - __main__ - INFO - Password generated via GUI: length=12
2026-10-06 16:56:20,352 - __main__ - INFO - Password copied to clipboard via GUI
2026-10-06 16:56:25,355 - config_manager - INFO - Configuration loaded from config.json
2026-10-06 16:56:25,357 - password_history - INFO - Loaded 14 history entries from password_history.json
2026-10-06 16:56:25,357 - password_generator - INFO - PasswordGenerator initialized with history=enabled
2026-10-06 16:56:25,357 - __main__ - INFO - CLI started with history=enabled
2026-10-06 16:56:25,357 - __main__ - INFO - Generating 1 password(s) with length=12
2026-10-06 16:56:25,358 - password_generator - INFO - Generating password with config defaults: length=12
2026-10-06 16:56:25,358 - password_generator - INFO - Generated password: length=12, strength_check_pending=True
2026-10-06 16:56:25,360 - password_history - INFO - Password added to history: length=12, strength=Strong
2026-10-06 16:56:25,360 - __main__ - INFO - Successfully generated 1 password(s)
